/Users/clumanlan/projects/mlb/src/models/k_predictor/experiments/v11_csw_pct/train.py:137: FutureWarning: The behavior of DataFrame concatenation with empty or all-NA entries is deprecated. In a future version, this will no longer exclude empty or all-NA columns when determining the result dtypes. To retain the old behavior, exclude the relevant entries before the concat operation.
  return pd.concat(frames, ignore_index=True)
/Users/clumanlan/projects/mlb/.venv/lib/python3.13/site-packages/sklearn/linear_model/_logistic.py:1135: FutureWarning: 'penalty' was deprecated in version 1.8 and will be removed in 1.10. To avoid this warning, leave 'penalty' set to its default value and use 'l1_ratio' or 'C' instead. Use l1_ratio=0 instead of penalty='l2', l1_ratio=1 instead of penalty='l1', and C=np.inf instead of penalty=None.
  warnings.warn(
/Users/clumanlan/projects/mlb/.venv/lib/python3.13/site-packages/sklearn/linear_model/_logistic.py:1160: UserWarning: Inconsistent values: penalty=l1 with l1_ratio=0.0. penalty is deprecated. Please use l1_ratio only.
  warnings.warn(

Loading play-by-play...
  s3://mlbdk/processed_data/prepared/playbyplay/2017/
  s3://mlbdk/processed_data/prepared/playbyplay/2018/
  s3://mlbdk/processed_data/prepared/playbyplay/2019/
  s3://mlbdk/processed_data/prepared/playbyplay/2022/
  s3://mlbdk/processed_data/prepared/playbyplay/2023/
  s3://mlbdk/processed_data/prepared/playbyplay/2024/
  s3://mlbdk/processed_data/prepared/playbyplay/2025/

Loading schedule...
  s3://mlbdk/processed_data/games/schedule/2016/
  s3://mlbdk/processed_data/games/schedule/2017/
  s3://mlbdk/processed_data/games/schedule/2018/
  s3://mlbdk/processed_data/games/schedule/2019/
  s3://mlbdk/processed_data/games/schedule/2022/
  s3://mlbdk/processed_data/games/schedule/2023/
  s3://mlbdk/processed_data/games/schedule/2024/
  s3://mlbdk/processed_data/games/schedule/2025/

Loading game info...
  s3://mlbdk/processed_data/games/game_info/2017/
  s3://mlbdk/processed_data/games/game_info/2018/
  s3://mlbdk/processed_data/games/game_info/2019/
  s3://mlbdk/processed_data/games/game_info/2022/
  s3://mlbdk/processed_data/games/game_info/2023/
  s3://mlbdk/processed_data/games/game_info/2024/
  s3://mlbdk/processed_data/games/game_info/2025/

Loading batter boxscore...
  s3://mlbdk/processed_data/prepared/batter_boxscore/2016/
  s3://mlbdk/processed_data/prepared/batter_boxscore/2017/
  s3://mlbdk/processed_data/prepared/batter_boxscore/2018/
  s3://mlbdk/processed_data/prepared/batter_boxscore/2019/
  s3://mlbdk/processed_data/prepared/batter_boxscore/2022/
  s3://mlbdk/processed_data/prepared/batter_boxscore/2023/
  s3://mlbdk/processed_data/prepared/batter_boxscore/2024/
  s3://mlbdk/processed_data/prepared/batter_boxscore/2025/

Loading pitcher boxscore...
  s3://mlbdk/processed_data/prepared/pitcher_boxscore/2016/
  s3://mlbdk/processed_data/prepared/pitcher_boxscore/2017/
  s3://mlbdk/processed_data/prepared/pitcher_boxscore/2018/
  s3://mlbdk/processed_data/prepared/pitcher_boxscore/2019/
  s3://mlbdk/processed_data/prepared/pitcher_boxscore/2022/
  s3://mlbdk/processed_data/prepared/pitcher_boxscore/2023/
  s3://mlbdk/processed_data/prepared/pitcher_boxscore/2024/
  s3://mlbdk/processed_data/prepared/pitcher_boxscore/2025/

Loading player info...

Building PA-grain DataFrame...

Fit seasons:  [2018, 2019, 2022, 2023]
Val season:   2024  ← iterate against this
Test season:  2025 ← locked away, not evaluated here
Feature count: 116 (v10's 114 + 2 new v11 CSW% columns)
Strikeout rate — train: 0.218  val: 0.219
New v11 columns (CSW% — called-strike rate + swinging-strike rate):
  pitcher_last_season_command_csw_rate: 58.7% non-null, mean 0.2752
  pitcher_roll_season_command_csw_rate: 93.8% non-null, mean 0.2736

Evaluating naive (most frequent class)...
Evaluating naive (per expected-pitcher-role K rate)...

Fitting logistic regression (v6's winning config: C=0.1, L1, no class weighting)...

Fitting XGBoost (v6's winning config: max_depth=2, learning_rate=0.03, early-stopped)...
  Core fit seasons: [2018, 2019, 2022]  |  early-stop season: 2023  |  final selection: 2024 (untouched)
  XGBoost best_iteration: 499

========================================================================
EXPERIMENT RESULTS — k_predictor v11 (CSW%)
Evaluated on val season 2024 (105,265 PAs)  |  Test season 2025 locked
Primary: PR-AUC (higher=better)  |  Secondary: ROC-AUC (higher=better)
========================================================================
Model                          PR-AUC  vs best naive   ROC-AUC
------------------------------------------------------------------------
Naive (most frequent)          0.2190              —    0.5000
Naive (per-role K rate)        0.2207              —    0.5048
Logistic regression (v6 config)   0.2834        +0.0627    0.5990
XGBoost (v6 config)            0.2839        +0.0632    0.6005
------------------------------------------------------------------------
(v6 XGBoost tuned, standing best, for reference)   0.2838
========================================================================

Interpretation:
  XGBoost (v6 config) beats the best naive floor (Naive (per-role K rate), PR-AUC 0.2207) —
  XGBoost (v6 config) PR-AUC 0.2839.
  vs v6's tuned XGBoost (PR-AUC 0.2838): +0.0001 — flat, same PA-grain-metric pattern as most single-pass feature additions in this project.
  Per this project's own metrics convention (PR-AUC is a PA-grain triage filter,
  not a decision metric): this result alone does not confirm or rule out a real
  improvement — that verdict comes from the game-grain check below.
========================================================================

========================================================================
GAME-GRAIN CHECK — batter-game "1+ strikeout" (same approach as v1-v10)
========================================================================
Rolling up XGBoost (v6 config)'s val predictions...
===========================================================================
CALIBRATION TABLE
===========================================================================
     bucket     n  reliable  mean_pred  obs_hit_rate
0.077–0.140 10527      True      0.122         0.125
0.140–0.162 10526      True      0.151         0.152
0.162–0.181 10527      True      0.172         0.167
0.181–0.199 10526      True      0.190         0.192
0.199–0.216 10526      True      0.207         0.207
0.216–0.234 10527      True      0.225         0.228
0.234–0.254 10526      True      0.244         0.246
0.254–0.278 10527      True      0.265         0.263
0.278–0.314 10526      True      0.295         0.287
0.314–0.599 10526      True      0.352         0.324

===========================================================================
CALIBRATION SUMMARY
===========================================================================
  ECE (expected calibration error) : 0.0054  (lower = better, 0 = perfect)
  Reliability (calibration error)  : 0.0001  (lower = better)
  Resolution (discriminative power): 0.0035  (higher = better)
  Uncertainty (irreducible noise)  : 0.1711  (fixed by base rate)
  Reconstructed Brier (rel-res+unc): 0.1676

===========================================================================
DISCRIMINATION METRICS
===========================================================================
  Decile cutoffs         : bottom 0.140 / top 0.314
  Top-decile hit rate    : 0.324  (N=10527)  — 1.47x base rate
  Bottom-decile hit rate : 0.125  (N=10527)  — 0.57x base rate
  Spread                 : 0.199

===========================================================================
RANKING METRICS
===========================================================================
  ROC-AUC : 0.6005  (0.5 = random, 1.0 = perfect ranking)
  PR-AUC  : 0.2839  (baseline = base rate ≈ 0.220; more informative than ROC-AUC given hits are the minority class)

===========================================================================
PROBABILITY SCORES
===========================================================================
  Model Brier    : 0.1676
  Model LogLoss  : 0.5152
===========================================================================
CALIBRATION TABLE
===========================================================================
     bucket    n  reliable  mean_pred  obs_hit_rate
0.087–0.286 4256      True      0.235         0.229
0.286–0.339 4256      True      0.314         0.321
0.339–0.380 4256      True      0.360         0.366
0.380–0.414 4256      True      0.397         0.383
0.414–0.448 4256      True      0.431         0.431
0.448–0.484 4256      True      0.466         0.455
0.484–0.522 4256      True      0.503         0.490
0.522–0.566 4256      True      0.544         0.530
0.566–0.624 4256      True      0.593         0.582
0.624–0.876 4255      True      0.678         0.642

===========================================================================
CALIBRATION SUMMARY
===========================================================================
  ECE (expected calibration error) : 0.0118  (lower = better, 0 = perfect)
  Reliability (calibration error)  : 0.0002  (lower = better)
  Resolution (discriminative power): 0.0139  (higher = better)
  Uncertainty (irreducible noise)  : 0.2467  (fixed by base rate)
  Reconstructed Brier (rel-res+unc): 0.2330

===========================================================================
DISCRIMINATION METRICS
===========================================================================
  Decile cutoffs         : bottom 0.286 / top 0.624
  Top-decile hit rate    : 0.642  (N=4256)  — 1.45x base rate
  Bottom-decile hit rate : 0.229  (N=4256)  — 0.52x base rate
  Spread                 : 0.414

===========================================================================
RANKING METRICS
===========================================================================
  ROC-AUC : 0.6376  (0.5 = random, 1.0 = perfect ranking)
  PR-AUC  : 0.5655  (baseline = base rate ≈ 0.443; more informative than ROC-AUC given hits are the minority class)

===========================================================================
PROBABILITY SCORES
===========================================================================
  Model Brier    : 0.2327
  Model LogLoss  : 0.6574

105265 PA rows -> 42560 batter-game rows (mean 2.47 PA/game)

###########################################################################
# HEADLINE COMPARISON: PA GRAIN vs GAME GRAIN
###########################################################################
  reliability   PA=0.0001   GAME=0.0002
  resolution    PA=0.0035   GAME=0.0139
  roc_auc       PA=0.6005   GAME=0.6376
  brier         PA=0.1676   GAME=0.2327
  log_loss      PA=0.5152   GAME=0.6574
  ece           PA=0.0054   GAME=0.0118
===========================================================================
CALIBRATION TABLE
===========================================================================
     bucket     n  reliable  mean_pred  obs_hit_rate
0.203–0.390  2404      True      0.241         0.242
0.390–0.390     0     False        NaN           NaN
0.390–0.390     0     False        NaN           NaN
0.390–0.390     0     False        NaN           NaN
0.390–0.514 18551      True      0.391         0.405
0.514–0.514     0     False        NaN           NaN
0.514–0.514     0     False        NaN           NaN
0.514–0.524  9227      True      0.514         0.509
0.524–0.524     0     False        NaN           NaN
0.524–0.698 12374      True      0.528         0.489

  Warning: 6 bucket(s) below min_n=200 — treat with caution

===========================================================================
CALIBRATION SUMMARY
===========================================================================
  ECE (expected calibration error) : 0.0186  (lower = better, 0 = perfect)
  Reliability (calibration error)  : 0.0005  (lower = better)
  Resolution (discriminative power): 0.0045  (higher = better)
  Uncertainty (irreducible noise)  : 0.2467  (fixed by base rate)
  Reconstructed Brier (rel-res+unc): 0.2428

===========================================================================
DISCRIMINATION METRICS
===========================================================================
  Decile cutoffs         : bottom 0.390 / top 0.524
  Top-decile hit rate    : 0.489  (N=12378)  — 1.11x base rate
  Bottom-decile hit rate : 0.386  (N=20896)  — 0.87x base rate
  Spread                 : 0.104

===========================================================================
RANKING METRICS
===========================================================================
  ROC-AUC : 0.5626  (0.5 = random, 1.0 = perfect ranking)
  PR-AUC  : 0.4766  (baseline = base rate ≈ 0.443; more informative than ROC-AUC given hits are the minority class)

===========================================================================
PROBABILITY SCORES
===========================================================================
  Model Brier    : 0.2426
  Model LogLoss  : 0.6779

105,265 PAs -> 42,560 batter-game rows (mean 2.47 PA/game)
Batter-game strikeout rate (1+ K): 0.443

Metric           Naive (per-role)    XGBoost (v6 config)
reliability                0.0005                 0.0002
resolution                 0.0045                 0.0139
roc_auc                    0.5626                 0.6376
brier                      0.2426                 0.2327
log_loss                   0.6779                 0.6574
ece                        0.0186                 0.0118

Verdict vs naive at game grain: real_improvement
  reliability delta: -0.0003 (lower=better, negative=more honest)
  resolution delta:  +0.0094 (higher=better, positive=more real spread)

  (v6's game-grain result, standing best, for reference: reliability 0.0001, resolution 0.0137, verdict real_improvement)
========================================================================
Saved /Users/clumanlan/projects/mlb/src/models/k_predictor/experiments/v11_csw_pct/plots/game_grain_calibration.png

Saved /Users/clumanlan/projects/mlb/src/models/k_predictor/experiments/v11_csw_pct/plots/target_distribution.png
Saved /Users/clumanlan/projects/mlb/src/models/k_predictor/experiments/v11_csw_pct/plots/confusion_matrix.png
Saved /Users/clumanlan/projects/mlb/src/models/k_predictor/experiments/v11_csw_pct/plots/feature_importance.png

v11 new CSW% column ranks (of 116 features):
  pitcher_last_season_command_csw_rate: rank #22, importance 0.0098
  pitcher_roll_season_command_csw_rate: rank #23, importance 0.0071

Logged all runs to MLflow (experiment: k_predictor).
