/Users/clumanlan/projects/mlb/src/models/k_predictor/experiments/v15_pa_workload/train.py:117: FutureWarning: The behavior of DataFrame concatenation with empty or all-NA entries is deprecated. In a future version, this will no longer exclude empty or all-NA columns when determining the result dtypes. To retain the old behavior, exclude the relevant entries before the concat operation.
  return pd.concat(frames, ignore_index=True)
/Users/clumanlan/projects/mlb/.venv/lib/python3.13/site-packages/sklearn/linear_model/_logistic.py:1135: FutureWarning: 'penalty' was deprecated in version 1.8 and will be removed in 1.10. To avoid this warning, leave 'penalty' set to its default value and use 'l1_ratio' or 'C' instead. Use l1_ratio=0 instead of penalty='l2', l1_ratio=1 instead of penalty='l1', and C=np.inf instead of penalty=None.
  warnings.warn(
/Users/clumanlan/projects/mlb/.venv/lib/python3.13/site-packages/sklearn/linear_model/_logistic.py:1160: UserWarning: Inconsistent values: penalty=l1 with l1_ratio=0.0. penalty is deprecated. Please use l1_ratio only.
  warnings.warn(
/Users/clumanlan/projects/mlb/.venv/lib/python3.13/site-packages/sklearn/linear_model/_logistic.py:1135: FutureWarning: 'penalty' was deprecated in version 1.8 and will be removed in 1.10. To avoid this warning, leave 'penalty' set to its default value and use 'l1_ratio' or 'C' instead. Use l1_ratio=0 instead of penalty='l2', l1_ratio=1 instead of penalty='l1', and C=np.inf instead of penalty=None.
  warnings.warn(
/Users/clumanlan/projects/mlb/.venv/lib/python3.13/site-packages/sklearn/linear_model/_logistic.py:1160: UserWarning: Inconsistent values: penalty=l1 with l1_ratio=0.0. penalty is deprecated. Please use l1_ratio only.
  warnings.warn(
/Users/clumanlan/projects/mlb/.venv/lib/python3.13/site-packages/sklearn/linear_model/_logistic.py:1135: FutureWarning: 'penalty' was deprecated in version 1.8 and will be removed in 1.10. To avoid this warning, leave 'penalty' set to its default value and use 'l1_ratio' or 'C' instead. Use l1_ratio=0 instead of penalty='l2', l1_ratio=1 instead of penalty='l1', and C=np.inf instead of penalty=None.
  warnings.warn(
/Users/clumanlan/projects/mlb/.venv/lib/python3.13/site-packages/sklearn/linear_model/_logistic.py:1135: FutureWarning: 'penalty' was deprecated in version 1.8 and will be removed in 1.10. To avoid this warning, leave 'penalty' set to its default value and use 'l1_ratio' or 'C' instead. Use l1_ratio=0 instead of penalty='l2', l1_ratio=1 instead of penalty='l1', and C=np.inf instead of penalty=None.
  warnings.warn(
/Users/clumanlan/projects/mlb/.venv/lib/python3.13/site-packages/sklearn/linear_model/_logistic.py:1135: FutureWarning: 'penalty' was deprecated in version 1.8 and will be removed in 1.10. To avoid this warning, leave 'penalty' set to its default value and use 'l1_ratio' or 'C' instead. Use l1_ratio=0 instead of penalty='l2', l1_ratio=1 instead of penalty='l1', and C=np.inf instead of penalty=None.
  warnings.warn(
/Users/clumanlan/projects/mlb/.venv/lib/python3.13/site-packages/sklearn/linear_model/_logistic.py:1160: UserWarning: Inconsistent values: penalty=l1 with l1_ratio=0.0. penalty is deprecated. Please use l1_ratio only.
  warnings.warn(
/Users/clumanlan/projects/mlb/.venv/lib/python3.13/site-packages/sklearn/linear_model/_logistic.py:1135: FutureWarning: 'penalty' was deprecated in version 1.8 and will be removed in 1.10. To avoid this warning, leave 'penalty' set to its default value and use 'l1_ratio' or 'C' instead. Use l1_ratio=0 instead of penalty='l2', l1_ratio=1 instead of penalty='l1', and C=np.inf instead of penalty=None.
  warnings.warn(
/Users/clumanlan/projects/mlb/.venv/lib/python3.13/site-packages/sklearn/linear_model/_logistic.py:1160: UserWarning: Inconsistent values: penalty=l1 with l1_ratio=0.0. penalty is deprecated. Please use l1_ratio only.
  warnings.warn(
/Users/clumanlan/projects/mlb/.venv/lib/python3.13/site-packages/sklearn/linear_model/_logistic.py:1135: FutureWarning: 'penalty' was deprecated in version 1.8 and will be removed in 1.10. To avoid this warning, leave 'penalty' set to its default value and use 'l1_ratio' or 'C' instead. Use l1_ratio=0 instead of penalty='l2', l1_ratio=1 instead of penalty='l1', and C=np.inf instead of penalty=None.
  warnings.warn(
/Users/clumanlan/projects/mlb/.venv/lib/python3.13/site-packages/sklearn/linear_model/_logistic.py:1135: FutureWarning: 'penalty' was deprecated in version 1.8 and will be removed in 1.10. To avoid this warning, leave 'penalty' set to its default value and use 'l1_ratio' or 'C' instead. Use l1_ratio=0 instead of penalty='l2', l1_ratio=1 instead of penalty='l1', and C=np.inf instead of penalty=None.
  warnings.warn(
/Users/clumanlan/projects/mlb/.venv/lib/python3.13/site-packages/sklearn/linear_model/_logistic.py:1135: FutureWarning: 'penalty' was deprecated in version 1.8 and will be removed in 1.10. To avoid this warning, leave 'penalty' set to its default value and use 'l1_ratio' or 'C' instead. Use l1_ratio=0 instead of penalty='l2', l1_ratio=1 instead of penalty='l1', and C=np.inf instead of penalty=None.
  warnings.warn(
/Users/clumanlan/projects/mlb/.venv/lib/python3.13/site-packages/sklearn/linear_model/_logistic.py:1160: UserWarning: Inconsistent values: penalty=l1 with l1_ratio=0.0. penalty is deprecated. Please use l1_ratio only.
  warnings.warn(
/Users/clumanlan/projects/mlb/.venv/lib/python3.13/site-packages/sklearn/linear_model/_logistic.py:1135: FutureWarning: 'penalty' was deprecated in version 1.8 and will be removed in 1.10. To avoid this warning, leave 'penalty' set to its default value and use 'l1_ratio' or 'C' instead. Use l1_ratio=0 instead of penalty='l2', l1_ratio=1 instead of penalty='l1', and C=np.inf instead of penalty=None.
  warnings.warn(
/Users/clumanlan/projects/mlb/.venv/lib/python3.13/site-packages/sklearn/linear_model/_logistic.py:1160: UserWarning: Inconsistent values: penalty=l1 with l1_ratio=0.0. penalty is deprecated. Please use l1_ratio only.
  warnings.warn(
/Users/clumanlan/projects/mlb/.venv/lib/python3.13/site-packages/sklearn/linear_model/_logistic.py:1135: FutureWarning: 'penalty' was deprecated in version 1.8 and will be removed in 1.10. To avoid this warning, leave 'penalty' set to its default value and use 'l1_ratio' or 'C' instead. Use l1_ratio=0 instead of penalty='l2', l1_ratio=1 instead of penalty='l1', and C=np.inf instead of penalty=None.
  warnings.warn(
/Users/clumanlan/projects/mlb/.venv/lib/python3.13/site-packages/sklearn/linear_model/_logistic.py:1135: FutureWarning: 'penalty' was deprecated in version 1.8 and will be removed in 1.10. To avoid this warning, leave 'penalty' set to its default value and use 'l1_ratio' or 'C' instead. Use l1_ratio=0 instead of penalty='l2', l1_ratio=1 instead of penalty='l1', and C=np.inf instead of penalty=None.
  warnings.warn(
/Users/clumanlan/projects/mlb/.venv/lib/python3.13/site-packages/sklearn/linear_model/_logistic.py:1135: FutureWarning: 'penalty' was deprecated in version 1.8 and will be removed in 1.10. To avoid this warning, leave 'penalty' set to its default value and use 'l1_ratio' or 'C' instead. Use l1_ratio=0 instead of penalty='l2', l1_ratio=1 instead of penalty='l1', and C=np.inf instead of penalty=None.
  warnings.warn(
/Users/clumanlan/projects/mlb/.venv/lib/python3.13/site-packages/sklearn/linear_model/_logistic.py:1160: UserWarning: Inconsistent values: penalty=l1 with l1_ratio=0.0. penalty is deprecated. Please use l1_ratio only.
  warnings.warn(
/Users/clumanlan/projects/mlb/.venv/lib/python3.13/site-packages/sklearn/linear_model/_logistic.py:1135: FutureWarning: 'penalty' was deprecated in version 1.8 and will be removed in 1.10. To avoid this warning, leave 'penalty' set to its default value and use 'l1_ratio' or 'C' instead. Use l1_ratio=0 instead of penalty='l2', l1_ratio=1 instead of penalty='l1', and C=np.inf instead of penalty=None.
  warnings.warn(
/Users/clumanlan/projects/mlb/.venv/lib/python3.13/site-packages/sklearn/linear_model/_logistic.py:1160: UserWarning: Inconsistent values: penalty=l1 with l1_ratio=0.0. penalty is deprecated. Please use l1_ratio only.
  warnings.warn(
/Users/clumanlan/projects/mlb/.venv/lib/python3.13/site-packages/sklearn/linear_model/_logistic.py:1135: FutureWarning: 'penalty' was deprecated in version 1.8 and will be removed in 1.10. To avoid this warning, leave 'penalty' set to its default value and use 'l1_ratio' or 'C' instead. Use l1_ratio=0 instead of penalty='l2', l1_ratio=1 instead of penalty='l1', and C=np.inf instead of penalty=None.
  warnings.warn(
/Users/clumanlan/projects/mlb/.venv/lib/python3.13/site-packages/sklearn/linear_model/_logistic.py:1135: FutureWarning: 'penalty' was deprecated in version 1.8 and will be removed in 1.10. To avoid this warning, leave 'penalty' set to its default value and use 'l1_ratio' or 'C' instead. Use l1_ratio=0 instead of penalty='l2', l1_ratio=1 instead of penalty='l1', and C=np.inf instead of penalty=None.
  warnings.warn(
/Users/clumanlan/projects/mlb/.venv/lib/python3.13/site-packages/sklearn/linear_model/_logistic.py:1135: FutureWarning: 'penalty' was deprecated in version 1.8 and will be removed in 1.10. To avoid this warning, leave 'penalty' set to its default value and use 'l1_ratio' or 'C' instead. Use l1_ratio=0 instead of penalty='l2', l1_ratio=1 instead of penalty='l1', and C=np.inf instead of penalty=None.
  warnings.warn(
/Users/clumanlan/projects/mlb/.venv/lib/python3.13/site-packages/sklearn/linear_model/_logistic.py:1160: UserWarning: Inconsistent values: penalty=l1 with l1_ratio=0.0. penalty is deprecated. Please use l1_ratio only.
  warnings.warn(
/Users/clumanlan/projects/mlb/.venv/lib/python3.13/site-packages/sklearn/linear_model/_logistic.py:1135: FutureWarning: 'penalty' was deprecated in version 1.8 and will be removed in 1.10. To avoid this warning, leave 'penalty' set to its default value and use 'l1_ratio' or 'C' instead. Use l1_ratio=0 instead of penalty='l2', l1_ratio=1 instead of penalty='l1', and C=np.inf instead of penalty=None.
  warnings.warn(
/Users/clumanlan/projects/mlb/.venv/lib/python3.13/site-packages/sklearn/linear_model/_logistic.py:1160: UserWarning: Inconsistent values: penalty=l1 with l1_ratio=0.0. penalty is deprecated. Please use l1_ratio only.
  warnings.warn(
/Users/clumanlan/projects/mlb/.venv/lib/python3.13/site-packages/sklearn/linear_model/_logistic.py:1135: FutureWarning: 'penalty' was deprecated in version 1.8 and will be removed in 1.10. To avoid this warning, leave 'penalty' set to its default value and use 'l1_ratio' or 'C' instead. Use l1_ratio=0 instead of penalty='l2', l1_ratio=1 instead of penalty='l1', and C=np.inf instead of penalty=None.
  warnings.warn(
/Users/clumanlan/projects/mlb/.venv/lib/python3.13/site-packages/sklearn/linear_model/_logistic.py:1135: FutureWarning: 'penalty' was deprecated in version 1.8 and will be removed in 1.10. To avoid this warning, leave 'penalty' set to its default value and use 'l1_ratio' or 'C' instead. Use l1_ratio=0 instead of penalty='l2', l1_ratio=1 instead of penalty='l1', and C=np.inf instead of penalty=None.
  warnings.warn(
/Users/clumanlan/projects/mlb/.venv/lib/python3.13/site-packages/sklearn/linear_model/_logistic.py:1135: FutureWarning: 'penalty' was deprecated in version 1.8 and will be removed in 1.10. To avoid this warning, leave 'penalty' set to its default value and use 'l1_ratio' or 'C' instead. Use l1_ratio=0 instead of penalty='l2', l1_ratio=1 instead of penalty='l1', and C=np.inf instead of penalty=None.
  warnings.warn(
/Users/clumanlan/projects/mlb/.venv/lib/python3.13/site-packages/sklearn/linear_model/_logistic.py:1160: UserWarning: Inconsistent values: penalty=l1 with l1_ratio=0.0. penalty is deprecated. Please use l1_ratio only.
  warnings.warn(
/Users/clumanlan/projects/mlb/.venv/lib/python3.13/site-packages/sklearn/linear_model/_logistic.py:1135: FutureWarning: 'penalty' was deprecated in version 1.8 and will be removed in 1.10. To avoid this warning, leave 'penalty' set to its default value and use 'l1_ratio' or 'C' instead. Use l1_ratio=0 instead of penalty='l2', l1_ratio=1 instead of penalty='l1', and C=np.inf instead of penalty=None.
  warnings.warn(
/Users/clumanlan/projects/mlb/.venv/lib/python3.13/site-packages/sklearn/linear_model/_logistic.py:1160: UserWarning: Inconsistent values: penalty=l1 with l1_ratio=0.0. penalty is deprecated. Please use l1_ratio only.
  warnings.warn(
/Users/clumanlan/projects/mlb/.venv/lib/python3.13/site-packages/sklearn/linear_model/_logistic.py:1135: FutureWarning: 'penalty' was deprecated in version 1.8 and will be removed in 1.10. To avoid this warning, leave 'penalty' set to its default value and use 'l1_ratio' or 'C' instead. Use l1_ratio=0 instead of penalty='l2', l1_ratio=1 instead of penalty='l1', and C=np.inf instead of penalty=None.
  warnings.warn(
/Users/clumanlan/projects/mlb/.venv/lib/python3.13/site-packages/sklearn/linear_model/_logistic.py:1135: FutureWarning: 'penalty' was deprecated in version 1.8 and will be removed in 1.10. To avoid this warning, leave 'penalty' set to its default value and use 'l1_ratio' or 'C' instead. Use l1_ratio=0 instead of penalty='l2', l1_ratio=1 instead of penalty='l1', and C=np.inf instead of penalty=None.
  warnings.warn(

Loading play-by-play...
  s3://mlbdk/processed_data/prepared/playbyplay/2017/
  s3://mlbdk/processed_data/prepared/playbyplay/2018/
  s3://mlbdk/processed_data/prepared/playbyplay/2019/
  s3://mlbdk/processed_data/prepared/playbyplay/2022/
  s3://mlbdk/processed_data/prepared/playbyplay/2023/
  s3://mlbdk/processed_data/prepared/playbyplay/2024/
  s3://mlbdk/processed_data/prepared/playbyplay/2025/

Loading schedule...
  s3://mlbdk/processed_data/games/schedule/2016/
  s3://mlbdk/processed_data/games/schedule/2017/
  s3://mlbdk/processed_data/games/schedule/2018/
  s3://mlbdk/processed_data/games/schedule/2019/
  s3://mlbdk/processed_data/games/schedule/2022/
  s3://mlbdk/processed_data/games/schedule/2023/
  s3://mlbdk/processed_data/games/schedule/2024/
  s3://mlbdk/processed_data/games/schedule/2025/

Loading game info...
  s3://mlbdk/processed_data/games/game_info/2017/
  s3://mlbdk/processed_data/games/game_info/2018/
  s3://mlbdk/processed_data/games/game_info/2019/
  s3://mlbdk/processed_data/games/game_info/2022/
  s3://mlbdk/processed_data/games/game_info/2023/
  s3://mlbdk/processed_data/games/game_info/2024/
  s3://mlbdk/processed_data/games/game_info/2025/

Loading batter boxscore...
  s3://mlbdk/processed_data/prepared/batter_boxscore/2016/
  s3://mlbdk/processed_data/prepared/batter_boxscore/2017/
  s3://mlbdk/processed_data/prepared/batter_boxscore/2018/
  s3://mlbdk/processed_data/prepared/batter_boxscore/2019/
  s3://mlbdk/processed_data/prepared/batter_boxscore/2022/
  s3://mlbdk/processed_data/prepared/batter_boxscore/2023/
  s3://mlbdk/processed_data/prepared/batter_boxscore/2024/
  s3://mlbdk/processed_data/prepared/batter_boxscore/2025/

Loading pitcher boxscore...
  s3://mlbdk/processed_data/prepared/pitcher_boxscore/2016/
  s3://mlbdk/processed_data/prepared/pitcher_boxscore/2017/
  s3://mlbdk/processed_data/prepared/pitcher_boxscore/2018/
  s3://mlbdk/processed_data/prepared/pitcher_boxscore/2019/
  s3://mlbdk/processed_data/prepared/pitcher_boxscore/2022/
  s3://mlbdk/processed_data/prepared/pitcher_boxscore/2023/
  s3://mlbdk/processed_data/prepared/pitcher_boxscore/2024/
  s3://mlbdk/processed_data/prepared/pitcher_boxscore/2025/

Loading player info...

Building PA-grain DataFrame...

Fit seasons:  [2018, 2019, 2022, 2023]
Val season:   2024  ← iterate against this
Test season:  2025 ← locked away, not evaluated here
Feature count: 45 (v14's 43 + estimated_team_pa_position + pitcher_projected_pitches_before_pa)
Strikeout rate — train: 0.218  val: 0.219

Evaluating naive (most frequent class)...
Evaluating naive (per expected-pitcher-role K rate)...

Tuning logistic regression (C x penalty x class_weight)...
Top 5 of 24 LR configs by val PR-AUC:
    C penalty class_weight   pr_auc  roc_auc
100.0      l1         None 0.282303 0.598182
  1.0      l2         None 0.282303 0.598181
 10.0      l2         None 0.282303 0.598179
100.0      l2         None 0.282302 0.598178
  1.0      l1         None 0.282300 0.598189
Best LR config: {'C': 100.0, 'penalty': 'l1', 'class_weight': None} -> PR-AUC 0.2823

Tuning XGBoost (max_depth x learning_rate, early-stopped)...
  Core fit seasons: [2018, 2019, 2022]  |  early-stop season: 2023  |  final selection: 2024 (untouched by tuning)
All 9 XGBoost configs by val PR-AUC:
 max_depth  learning_rate  best_iteration   pr_auc  roc_auc
         3           0.03             391 0.283887 0.600198
         2           0.03             617 0.283851 0.599957
         2           0.01            1733 0.283662 0.599899
         3           0.01             926 0.283504 0.599994
         4           0.03             217 0.283461 0.599949
         3           0.10             114 0.283450 0.599674
         4           0.01             547 0.283271 0.600093
         2           0.10             170 0.283197 0.599201
         4           0.10              80 0.283024 0.599680
Best XGBoost config: {'max_depth': 3, 'learning_rate': 0.03, 'best_iteration': 391} -> PR-AUC 0.2839

========================================================================
EXPERIMENT RESULTS — k_predictor v6 (hyperparameter-tuned, v3's feature set)
Evaluated on val season 2024 (105,265 PAs)  |  Test season 2025 locked
Primary: PR-AUC (higher=better)  |  Secondary: ROC-AUC (higher=better)
========================================================================
Model                          PR-AUC  vs best naive   ROC-AUC
------------------------------------------------------------------------
Naive (most frequent)          0.2190              —    0.5000
Naive (per-role K rate)        0.2207              —    0.5048
Logistic regression (default)   0.2823        +0.0616    0.5981
Logistic regression (tuned)    0.2823        +0.0616    0.5982
XGBoost (default)              0.2727        +0.0520    0.5871
XGBoost (tuned)                0.2839        +0.0632    0.6002
------------------------------------------------------------------------
(v3 LR untuned, for reference)   0.2820                   0.5977
========================================================================

Interpretation:
  XGBoost (tuned) beats the best naive floor (Naive (per-role K rate), PR-AUC 0.2207) —
  XGBoost (tuned) PR-AUC 0.2839.
  vs v3's untuned LR (PR-AUC 0.2820): +0.0019 — flat, tuning didn't move this model much.
  Winning model: XGBoost (tuned) — FLIPS this project's usual LR-over-trees pattern once fairly tuned; look closer before committing to a production model.
  Per this project's own metrics convention (PR-AUC is a PA-grain triage filter,
  not a decision metric): this result alone does not confirm or rule out a real
  improvement — that verdict comes from the game-grain check below.
========================================================================

========================================================================
GAME-GRAIN CHECK — batter-game "1+ strikeout" (same approach as v1-v5)
========================================================================
Rolling up XGBoost (tuned)'s val predictions...
===========================================================================
CALIBRATION TABLE
===========================================================================
     bucket     n  reliable  mean_pred  obs_hit_rate
0.065–0.140 10527      True      0.121         0.124
0.140–0.163 10526      True      0.152         0.152
0.163–0.182 10527      True      0.173         0.169
0.182–0.199 10526      True      0.191         0.196
0.199–0.215 10526      True      0.207         0.206
0.215–0.232 10527      True      0.224         0.226
0.232–0.251 10526      True      0.241         0.242
0.251–0.274 10527      True      0.262         0.265
0.274–0.309 10526      True      0.290         0.284
0.309–0.596 10526      True      0.349         0.327

===========================================================================
CALIBRATION SUMMARY
===========================================================================
  ECE (expected calibration error) : 0.0047  (lower = better, 0 = perfect)
  Reliability (calibration error)  : 0.0001  (lower = better)
  Resolution (discriminative power): 0.0035  (higher = better)
  Uncertainty (irreducible noise)  : 0.1711  (fixed by base rate)
  Reconstructed Brier (rel-res+unc): 0.1676

===========================================================================
DISCRIMINATION METRICS
===========================================================================
  Decile cutoffs         : bottom 0.140 / top 0.309
  Top-decile hit rate    : 0.327  (N=10527)  — 1.49x base rate
  Bottom-decile hit rate : 0.124  (N=10527)  — 0.56x base rate
  Spread                 : 0.203

===========================================================================
RANKING METRICS
===========================================================================
  ROC-AUC : 0.6002  (0.5 = random, 1.0 = perfect ranking)
  PR-AUC  : 0.2839  (baseline = base rate ≈ 0.220; more informative than ROC-AUC given hits are the minority class)

===========================================================================
PROBABILITY SCORES
===========================================================================Python(47130) MallocStackLogging: can't turn off malloc stack logging because it was not enabled.
Python(47131) MallocStackLogging: can't turn off malloc stack logging because it was not enabled.
Python(47132) MallocStackLogging: can't turn off malloc stack logging because it was not enabled.
Python(47133) MallocStackLogging: can't turn off malloc stack logging because it was not enabled.
Python(47134) MallocStackLogging: can't turn off malloc stack logging because it was not enabled.
Python(47135) MallocStackLogging: can't turn off malloc stack logging because it was not enabled.
Python(47146) MallocStackLogging: can't turn off malloc stack logging because it was not enabled.
Python(47149) MallocStackLogging: can't turn off malloc stack logging because it was not enabled.
Python(47151) MallocStackLogging: can't turn off malloc stack logging because it was not enabled.
Python(47152) MallocStackLogging: can't turn off malloc stack logging because it was not enabled.

  Model Brier    : 0.1675
  Model LogLoss  : 0.5152
===========================================================================
CALIBRATION TABLE
===========================================================================
     bucket    n  reliable  mean_pred  obs_hit_rate
0.102–0.287 4256      True      0.236         0.228
0.287–0.342 4256      True      0.316         0.322
0.342–0.381 4256      True      0.362         0.368
0.381–0.415 4256      True      0.398         0.381
0.415–0.447 4256      True      0.431         0.432
0.447–0.482 4256      True      0.464         0.460
0.482–0.518 4256      True      0.500         0.484
0.518–0.560 4256      True      0.538         0.532
0.560–0.616 4256      True      0.587         0.580
0.616–0.881 4255      True      0.671         0.641

===========================================================================
CALIBRATION SUMMARY
===========================================================================
  ECE (expected calibration error) : 0.0101  (lower = better, 0 = perfect)
  Reliability (calibration error)  : 0.0002  (lower = better)
  Resolution (discriminative power): 0.0138  (higher = better)
  Uncertainty (irreducible noise)  : 0.2467  (fixed by base rate)
  Reconstructed Brier (rel-res+unc): 0.2331

===========================================================================
DISCRIMINATION METRICS
===========================================================================
  Decile cutoffs         : bottom 0.287 / top 0.616
  Top-decile hit rate    : 0.641  (N=4256)  — 1.45x base rate
  Bottom-decile hit rate : 0.228  (N=4256)  — 0.51x base rate
  Spread                 : 0.413

===========================================================================
RANKING METRICS
===========================================================================
  ROC-AUC : 0.6370  (0.5 = random, 1.0 = perfect ranking)
  PR-AUC  : 0.5645  (baseline = base rate ≈ 0.443; more informative than ROC-AUC given hits are the minority class)

===========================================================================
PROBABILITY SCORES
===========================================================================
  Model Brier    : 0.2328
  Model LogLoss  : 0.6574

105265 PA rows -> 42560 batter-game rows (mean 2.47 PA/game)

###########################################################################
# HEADLINE COMPARISON: PA GRAIN vs GAME GRAIN
###########################################################################
  reliability   PA=0.0001   GAME=0.0002
  resolution    PA=0.0035   GAME=0.0138
  roc_auc       PA=0.6002   GAME=0.6370
  brier         PA=0.1675   GAME=0.2328
  log_loss      PA=0.5152   GAME=0.6574
  ece           PA=0.0047   GAME=0.0101
===========================================================================
CALIBRATION TABLE
===========================================================================
     bucket     n  reliable  mean_pred  obs_hit_rate
0.203–0.390  2404      True      0.241         0.242
0.390–0.390     0     False        NaN           NaN
0.390–0.390     0     False        NaN           NaN
0.390–0.390     0     False        NaN           NaN
0.390–0.514 18551      True      0.391         0.405
0.514–0.514     0     False        NaN           NaN
0.514–0.514     0     False        NaN           NaN
0.514–0.524  9227      True      0.514         0.509
0.524–0.524     0     False        NaN           NaN
0.524–0.698 12374      True      0.528         0.489

  Warning: 6 bucket(s) below min_n=200 — treat with caution

===========================================================================
CALIBRATION SUMMARY
===========================================================================
  ECE (expected calibration error) : 0.0186  (lower = better, 0 = perfect)
  Reliability (calibration error)  : 0.0005  (lower = better)
  Resolution (discriminative power): 0.0045  (higher = better)
  Uncertainty (irreducible noise)  : 0.2467  (fixed by base rate)
  Reconstructed Brier (rel-res+unc): 0.2428

===========================================================================
DISCRIMINATION METRICS
===========================================================================
  Decile cutoffs         : bottom 0.390 / top 0.524
  Top-decile hit rate    : 0.489  (N=12378)  — 1.11x base rate
  Bottom-decile hit rate : 0.386  (N=20896)  — 0.87x base rate
  Spread                 : 0.104

===========================================================================
RANKING METRICS
===========================================================================
  ROC-AUC : 0.5626  (0.5 = random, 1.0 = perfect ranking)
  PR-AUC  : 0.4766  (baseline = base rate ≈ 0.443; more informative than ROC-AUC given hits are the minority class)

===========================================================================
PROBABILITY SCORES
===========================================================================
  Model Brier    : 0.2426
  Model LogLoss  : 0.6779

105,265 PAs -> 42,560 batter-game rows (mean 2.47 PA/game)
Batter-game strikeout rate (1+ K): 0.443

Metric           Naive (per-role)        XGBoost (tuned)
reliability                0.0005                 0.0002
resolution                 0.0045                 0.0138
roc_auc                    0.5626                 0.6370
brier                      0.2426                 0.2328
log_loss                   0.6779                 0.6574
ece                        0.0186                 0.0101

Verdict vs naive at game grain: real_improvement
  reliability delta: -0.0004 (lower=better, negative=more honest)
  resolution delta:  +0.0094 (higher=better, positive=more real spread)

  (v3's untuned game-grain result, for reference: reliability 0.0002, resolution 0.0133, verdict real_improvement)
========================================================================
Saved /Users/clumanlan/projects/mlb/src/models/k_predictor/experiments/v15_pa_workload/plots/game_grain_calibration.png

Saved /Users/clumanlan/projects/mlb/src/models/k_predictor/experiments/v15_pa_workload/plots/target_distribution.png
Saved /Users/clumanlan/projects/mlb/src/models/k_predictor/experiments/v15_pa_workload/plots/confusion_matrix.png
Saved /Users/clumanlan/projects/mlb/src/models/k_predictor/experiments/v15_pa_workload/plots/feature_importance.png

Logged all runs to MLflow (experiment: k_predictor).
