/Users/clumanlan/projects/mlb/src/models/k_predictor/experiments/v12_start_grain_negbin/train.py:129: FutureWarning: The behavior of DataFrame concatenation with empty or all-NA entries is deprecated. In a future version, this will no longer exclude empty or all-NA columns when determining the result dtypes. To retain the old behavior, exclude the relevant entries before the concat operation.
  return pd.concat(frames, ignore_index=True)
/Users/clumanlan/projects/mlb/.venv/lib/python3.13/site-packages/statsmodels/discrete/discrete_model.py:3709: RuntimeWarning: divide by zero encountered in log
  llf = coeff + size * np.log(prob) + endog * np.log(1 - prob)
/Users/clumanlan/projects/mlb/.venv/lib/python3.13/site-packages/statsmodels/discrete/discrete_model.py:3709: RuntimeWarning: invalid value encountered in multiply
  llf = coeff + size * np.log(prob) + endog * np.log(1 - prob)
NB fit seasons: [2018, 2019, 2022, 2023]  |  val (coverage check): 2024  |  score (real-odds backtest): 2026

Loading play-by-play...
  s3://mlbdk/processed_data/prepared/playbyplay/2017/
  s3://mlbdk/processed_data/prepared/playbyplay/2018/
  s3://mlbdk/processed_data/prepared/playbyplay/2019/
  s3://mlbdk/processed_data/prepared/playbyplay/2022/
  s3://mlbdk/processed_data/prepared/playbyplay/2023/
  s3://mlbdk/processed_data/prepared/playbyplay/2024/
  s3://mlbdk/processed_data/prepared/playbyplay/2025/
  s3://mlbdk/processed_data/prepared/playbyplay/2026/

Loading schedule...
  s3://mlbdk/processed_data/games/schedule/2016/
  s3://mlbdk/processed_data/games/schedule/2017/
  s3://mlbdk/processed_data/games/schedule/2018/
  s3://mlbdk/processed_data/games/schedule/2019/
  s3://mlbdk/processed_data/games/schedule/2022/
  s3://mlbdk/processed_data/games/schedule/2023/
  s3://mlbdk/processed_data/games/schedule/2024/
  s3://mlbdk/processed_data/games/schedule/2025/
  s3://mlbdk/processed_data/games/schedule/2026/

Loading game info...
  s3://mlbdk/processed_data/games/game_info/2017/
  s3://mlbdk/processed_data/games/game_info/2018/
  s3://mlbdk/processed_data/games/game_info/2019/
  s3://mlbdk/processed_data/games/game_info/2022/
  s3://mlbdk/processed_data/games/game_info/2023/
  s3://mlbdk/processed_data/games/game_info/2024/
  s3://mlbdk/processed_data/games/game_info/2025/
  s3://mlbdk/processed_data/games/game_info/2026/

Loading batter boxscore...
  s3://mlbdk/processed_data/prepared/batter_boxscore/2016/
  s3://mlbdk/processed_data/prepared/batter_boxscore/2017/
  s3://mlbdk/processed_data/prepared/batter_boxscore/2018/
  s3://mlbdk/processed_data/prepared/batter_boxscore/2019/
  s3://mlbdk/processed_data/prepared/batter_boxscore/2022/
  s3://mlbdk/processed_data/prepared/batter_boxscore/2023/
  s3://mlbdk/processed_data/prepared/batter_boxscore/2024/
  s3://mlbdk/processed_data/prepared/batter_boxscore/2025/
  s3://mlbdk/processed_data/prepared/batter_boxscore/2026/

Loading pitcher boxscore...
  s3://mlbdk/processed_data/prepared/pitcher_boxscore/2016/
  s3://mlbdk/processed_data/prepared/pitcher_boxscore/2017/
  s3://mlbdk/processed_data/prepared/pitcher_boxscore/2018/
  s3://mlbdk/processed_data/prepared/pitcher_boxscore/2019/
  s3://mlbdk/processed_data/prepared/pitcher_boxscore/2022/
  s3://mlbdk/processed_data/prepared/pitcher_boxscore/2023/
  s3://mlbdk/processed_data/prepared/pitcher_boxscore/2024/
  s3://mlbdk/processed_data/prepared/pitcher_boxscore/2025/
  s3://mlbdk/processed_data/prepared/pitcher_boxscore/2026/

Loading player info...

Building shared feature tables...

Building expected_batters_faced cascade + start-grain frame...

opp_team_roll_season_pa_strikeout_rate: non-null=99.3%, mean=0.2218
Feature count: 37 numeric + 2 categorical
Total SP starts with a realized K count, across all read seasons: 36,534

Fitting NegativeBinomial GLM on 18,830 starts ([2018, 2019, 2022, 2023])...
Converged: True  |  fitted alpha: 0.0212
                     NegativeBinomial Regression Results                      
==============================================================================
Dep. Variable:             realized_k   No. Observations:                18830
Model:               NegativeBinomial   Df Residuals:                    18780
Method:                           MLE   Df Model:                           49
Date:                Tue, 01 Sep 2026   Pseudo R-squ.:                 0.04837
Time:                        07:17:56   Log-Likelihood:                -41977.
converged:                       True   LL-Null:                       -44111.
Covariance Type:            nonrobust   LLR p-value:                     0.000
====================================================================================================================
                                                       coef    std err          z      P>|z|      [0.025      0.975]
--------------------------------------------------------------------------------------------------------------------
const                                               -1.9297      0.123    -15.640      0.000      -2.172      -1.688
pitcher_last_season_pa_strikeout_rate                1.1969      0.096     12.409      0.000       1.008       1.386
pitcher_last_season_whip                             0.0493      0.026      1.919      0.055      -0.001       0.100
pitcher_roll_season_ip                               0.0087      0.001      5.996      0.000       0.006       0.011
pitcher_roll_season_whip                             0.0834      0.032      2.647      0.008       0.022       0.145
pitcher_roll_season_k_rate                           0.3975      0.104      3.807      0.000       0.193       0.602
pitcher_roll_season_bb_rate                          0.0657      0.040      1.636      0.102      -0.013       0.144
pitcher_roll_season_hr_rate                         -0.0115      0.058     -0.198      0.843      -0.125       0.102
pitcher_roll_season_games_n                          0.0054      0.004      1.328      0.184      -0.003       0.013
pitcher_roll_season_avg_ip_per_game                  0.0921      0.012      7.590      0.000       0.068       0.116
pitcher_roll_season_pa_total                        -0.0024      0.000     -6.389      0.000      -0.003      -0.002
pitcher_roll_season_pa_strikeout_rate               -0.6710      0.445     -1.509      0.131      -1.543       0.201
pitching_team_roll_season_pa_strikeout_rate          0.0207      0.149      0.139      0.889      -0.272       0.313
opp_team_roll_season_pa_strikeout_rate               6.4833      2.178      2.977      0.003       2.214      10.752
pitcher_roll_last3g_ip                              -0.0199      0.006     -3.368      0.001      -0.032      -0.008
pitcher_roll_last3g_whip                             0.0545      0.022      2.473      0.013       0.011       0.098
pitcher_roll_last3g_k_rate                           0.0982      0.089      1.107      0.268      -0.076       0.272
pitcher_roll_last3g_bb_rate                         -0.0416      0.032     -1.287      0.198      -0.105       0.022
pitcher_roll_last3g_hr_rate                         -0.0357      0.045     -0.796      0.426      -0.124       0.052
pitcher_roll_last3g_games_n                          0.0948      0.010      9.291      0.000       0.075       0.115
pitcher_roll_last3g_avg_ip_per_game                  0.1017      0.014      7.471      0.000       0.075       0.128
pitcher_roll_last3g_pa_total                         0.0026      0.001      2.243      0.025       0.000       0.005
pitcher_roll_last3g_pa_strikeout_rate               -0.1575      0.376     -0.419      0.675      -0.894       0.579
opp_team_roll_season_pa_strikeout_rate_mean         -4.1207      2.191     -1.880      0.060      -8.416       0.174
opp_team_roll_season_pa_strikeout_rate_std           0.8934      0.416      2.146      0.032       0.077       1.709
opp_team_roll_season_pa_strikeout_rate_max          -0.2000      0.073     -2.745      0.006      -0.343      -0.057
opp_team_roll_last5g_pa_strikeout_rate_mean          0.0654      0.188      0.348      0.728      -0.302       0.433
opp_team_roll_last5g_pa_strikeout_rate_std          -0.3319      0.270     -1.228      0.219      -0.861       0.198
opp_team_roll_last5g_pa_strikeout_rate_max           0.2694      0.164      1.638      0.101      -0.053       0.592
pitcher_roll_season_command_swinging_strike_rate     1.0163      0.292      3.482      0.000       0.444       1.588
pitcher_roll_season_pa_pitch_count_mean              0.0741      0.027      2.727      0.006       0.021       0.127
pitcher_roll_last3g_command_swinging_strike_rate     0.5549      0.232      2.391      0.017       0.100       1.010
pitcher_roll_last3g_pa_pitch_count_mean              0.0923      0.021      4.336      0.000       0.051       0.134
pitcher_shrunk_whip                                 -0.0409      0.025     -1.654      0.098      -0.089       0.008
pitcher_shrunk_whip_weight                           0.0917      0.379      0.242      0.809      -0.651       0.835
weather_temp                                        -0.0019      0.000     -4.970      0.000      -0.003      -0.001
expected_batters_faced                               0.0122      0.003      4.262      0.000       0.007       0.018
expected_batters_faced_weight                        0.0953      0.164      0.581      0.561      -0.226       0.417
pitcher_throw_hand_R                                -0.0011      0.008     -0.145      0.885      -0.016       0.014
pitcher_throw_hand_nan                               0.4839      0.471      1.027      0.304      -0.439       1.407
weather_condition_Cloudy                            -0.0307      0.012     -2.516      0.012      -0.055      -0.007
weather_condition_Dome                               0.0320      0.020      1.618      0.106      -0.007       0.071
weather_condition_Drizzle                            0.0579      0.049      1.192      0.233      -0.037       0.153
weather_condition_Overcast                           0.0019      0.017      0.111      0.912      -0.031       0.035
weather_condition_Partly Cloudy                     -0.0129      0.010     -1.270      0.204      -0.033       0.007
weather_condition_Rain                              -0.0482      0.049     -0.974      0.330      -0.145       0.049
weather_condition_Roof Closed                        0.0069      0.012      0.552      0.581      -0.018       0.031
weather_condition_Snow                              -0.4302      0.422     -1.019      0.308      -1.258       0.397
weather_condition_Sunny                              0.0365      0.013      2.803      0.005       0.011       0.062
weather_condition_nan                               -0.1561      0.124     -1.255      0.209      -0.400       0.088
alpha                                                0.0212      0.002      8.809      0.000       0.016       0.026
====================================================================================================================

========================================================================
2024 VAL-SEASON COVERAGE CHECK
========================================================================
n starts: 4,786
Predicted mean K: 4.811  |  Realized mean K: 4.836  |  MAE: 1.812

THRESHOLD CHECK -- P(total K > 5.5) vs. realized
===========================================================================
CALIBRATION TABLE
===========================================================================
     bucket   n  reliable  mean_pred  obs_hit_rate
0.000–0.173 599      True      0.115         0.134
0.173–0.239 598      True      0.207         0.212
0.239–0.293 598      True      0.267         0.286
0.293–0.342 598      True      0.317         0.353
0.342–0.401 598      True      0.371         0.390
0.401–0.460 598      True      0.429         0.472
0.460–0.547 598      True      0.499         0.545
0.547–0.854 598      True      0.629         0.652

===========================================================================
CALIBRATION SUMMARY
===========================================================================
  ECE (expected calibration error) : 0.0262  (lower = better, 0 = perfect)
  Reliability (calibration error)  : 0.0009  (lower = better)
  Resolution (discriminative power): 0.0260  (higher = better)
  Uncertainty (irreducible noise)  : 0.2357  (fixed by base rate)
  Reconstructed Brier (rel-res+unc): 0.2105

===========================================================================
DISCRIMINATION METRICS
===========================================================================
  Decile cutoffs         : bottom 0.157 / top 0.569
  Top-decile hit rate    : 0.658  (N=479)  — 1.73x base rate
  Bottom-decile hit rate : 0.125  (N=479)  — 0.33x base rate
  Spread                 : 0.532

===========================================================================
RANKING METRICS
===========================================================================
  ROC-AUC : 0.6989  (0.5 = random, 1.0 = perfect ranking)
  PR-AUC  : 0.5680  (baseline = base rate ≈ 0.380; more informative than ROC-AUC given hits are the minority class)

===========================================================================
PROBABILITY SCORES
===========================================================================
  Model Brier    : 0.2098
  Model LogLoss  : 0.6061

COVERAGE CHECK
level (nominal)         n   empirical coverage    gap (empirical - nominal)
50%                  4786                63.1%                       +13.1%
80%                  4786                86.7%                        +6.7%
95%                  4786                97.4%                        +2.4%

========================================================================
2026 REAL-ODDS BACKTEST
========================================================================
2026 SP starts on the 72 backtest dates: 1,740
Loading real DK pitcher_strikeouts odds from S3...
Matched 1160 pitcher-starts to real DK lines.
Mean edge (model - devigged market): -0.1161
Disagreement win rate: 257/526 = 48.9%
  vs. coin flip (50.0%): p=0.6315  95% CI=[44.6%, 53.1%]  -> not significant
  vs. ~-110 break-even (52.4%): p=0.1064  95% CI=[44.6%, 53.1%]  -> not significant

Reliability (lower=better): v12 model=0.03880  market=0.00107  gap=+0.03773
Resolution (higher=better): v12 model=0.00256  market=0.00223  gap(market-model)=-0.00033
  95% bootstrap CI on reliability gap=[+0.02583, +0.04978]  -> SIGNIFICANT -- model IS more miscalibrated than the market
  95% bootstrap CI on resolution gap=[-0.00521, +0.00410]  -> not significant

Summary written to /Users/clumanlan/projects/mlb/src/models/k_predictor/experiments/v12_start_grain_negbin/v12_summary.json
